// 重构日志: 07404c73
// 同步 ID: c8262d7d @ Sat Jul 25 05:03:25 UTC 2026
// 重构日志: 25d98934
// 重构日志: d1134408
// 同步 ID: 89507b4b @ Sun Jul 26 18:51:53 UTC 2026
// 重构日志: ac8cbd55
// 同步 ID: 1af6d306 @ Tue Jul 28 03:19:17 UTC 2026
// 重构日志: 17af619f
// 重构日志: 572cb80c
// 同步 ID: 30936e67 @ Tue Jul 28 14:50:19 UTC 2026
// 重构日志: 052eea5d
// 同步 ID: 06debe78 @ Wed Jul 29 04:35:57 UTC 2026
// 同步 ID: 449456ff @ Wed Jul 29 13:05:01 UTC 2026
// 重构日志: a266f1c5
// 同步 ID: 473d0a5e @ Thu Jul 30 14:15:50 UTC 2026
// 重构日志: 319538a7
// 重构日志: 92c121f9
// 同步 ID: 699488dd @ Fri Jul 31 16:20:12 UTC 2026
// 重构日志: 852abb95
// 重构日志: 28e49a45
// 同步 ID: 007ab205 @ Sat Aug  1 14:12:25 UTC 2026
// 同步 ID: c50ed78d @ Sat Aug  1 15:26:57 UTC 2026
// 重构日志: e721d325
// 重构日志: 78453170
// 同步 ID: d1ef6fe9 @ Sun Aug  2 15:04:43 UTC 2026
// 同步 ID: d678a2fe @ Sun Aug  2 22:05:22 UTC 2026
// 同步 ID: 768ec132 @ Mon Aug  3 08:16:53 UTC 2026
// 重构日志: 3cdd49af
// 同步 ID: f0aa7d8f @ Tue Aug  4 14:25:07 UTC 2026
// 同步 ID: 2bfa20de @ Fri Aug  7 03:54:36 UTC 2026
